=== dashboard 100x40 ===
╭───────────────────────────────────── Morgward v0.0.0-golden ─────────────────────────────────────╮
│  ▸Главная    Терминал    Файлы                                                           RU | EN │
│ ╭────────────────────────────────────── Сервер: 1.2.3.4 ───────────────────────────────────────╮ │
│ │ ОС ubuntu 24.04                                                                              │ │
│ │ IPv6 да                                                                                      │ │
│ ╰──────────────────────────────────────────────────────────────────────────────────────────────╯ │
│   Применить все твики   Безопасность ▸                                                           │
│                                                                                                  │
│ Анализ твиков  применено 1 из 3 · можно применить 2                                              │
│   ✓ BBR congestion control                         • zram swap active                            │
│   • earlyoom active                                                                              │
│                                                                                                  │
│                                                                                                  │
│                                                                                                  │
│                                                                                                  │
│                                                                                                  │
│                                                                                                  │
│                                                                                                  │
│                                                                                                  │
│                                                                                                  │
│                                                                                                  │
│                                                                                                  │
│                                                                                                  │
│                                                                                                  │
│                                                                                                  │
│                                                                                                  │
│                                                                                                  │
│                                                                                                  │
│                                                                                                  │
│                                                                                                  │
│                                                                                                  │
│                                                                                                  │
│                                                                                                  │
│                                                                                                  │
│                                                                                                  │
│ ↑/↓ прокрутка · enter описание твика · esc назад                                                 │
╰──────────────────────────────────────────────────────────────────────────────────────────────────╯
╭──────────────────────────────────────────── монитор ─────────────────────────────────────────────╮
│ монитор: переподключение…                                                                        │
╰──────────────────────────────────────────────────────────────────────────────────────────────────╯
=== dashboard-apply-confirm 100x40 ===
                                                                                                    
                                                                                                    
                                                                                                    
                                                                                                    
                                                                                                    
                                                                                                    
                                                                                                    
                                                                                                    
                                                                                                    
                                                                                                    
                                                                                                    
                                                                                                    
                                                                                                    
              ╭─────────────────────────────────────────────────────────────────────╮               
              │                                                                     │               
              │   Применить твики?                                                  │               
              │                                                                     │               
              │   Будут применены все доступные твики (сеть, ядро, память,          │               
              │   обслуживание).                                                    │               
              │                                                                     │               
              │   ⚠ Включает полное обновление и ПЕРЕЗАГРУЗКУ (A8): VPN и сервисы   │               
              │   прервутся примерно на 1–2 минуты.                                 │               
              │                                                                     │               
              │    [Enter] применить     [Esc] отмена                               │               
              │                                                                     │               
              ╰─────────────────────────────────────────────────────────────────────╯               
                                                                                                    
                                                                                                    
                                                                                                    
                                                                                                    
                                                                                                    
                                                                                                    
                                                                                                    
                                                                                                    
                                                                                                    
                                                                                                    
                                                                                                    
                                                                                                    
                                                                                                    
                                                                                                    
=== security 100x40 ===
╭───────────────────────────────────── Morgward v0.0.0-golden ─────────────────────────────────────╮
│                                                                                          RU | EN │
│ ╭─────────────────────────────────── Безопасность и доступ ────────────────────────────────────╮ │
│ │ Вход root: разрешён по паролю                                                                │ │
│ │ Только по ключу: нет                                                                         │ │
│ │ Админ: отсутствует                                                                           │ │
│ ╰──────────────────────────────────────────────────────────────────────────────────────────────╯ │
│                                                                                                  │
│ Безопасно (вход не меняется):                                                                    │
│   Создать админа   Усилить SSH-крипто + ключ                                                     │
│                                                                                                  │
│ ⚠ Опасная зона (можно потерять доступ):                                                          │
│   Вход только по ключу · заблокировать пароль root                                               │
│                                                                                                  │
│                                                                                                  │
│                                                                                                  │
│                                                                                                  │
│                                                                                                  │
│                                                                                                  │
│                                                                                                  │
│                                                                                                  │
│                                                                                                  │
│                                                                                                  │
│                                                                                                  │
│                                                                                                  │
│                                                                                                  │
│                                                                                                  │
│                                                                                                  │
│                                                                                                  │
│                                                                                                  │
│                                                                                                  │
│                                                                                                  │
│                                                                                                  │
│                                                                                                  │
│  ← Назад                                                                                         │
│ 1/2 — безопасные действия · 3 — опасное · esc назад · l — язык                                   │
╰──────────────────────────────────────────────────────────────────────────────────────────────────╯
╭──────────────────────────────────────────── монитор ─────────────────────────────────────────────╮
│ монитор: переподключение…                                                                        │
╰──────────────────────────────────────────────────────────────────────────────────────────────────╯
=== security-danger-confirm 100x40 ===
╭───────────────────────────────────── Morgward v0.0.0-golden ─────────────────────────────────────╮
│                                                                                          RU | EN │
│ ╭─────────────────────────────────── Безопасность и доступ ────────────────────────────────────╮ │
│ │ Вход root: разрешён по паролю                                                                │ │
│ │ Только по ключу: нет                                                                         │ │
│ │ Админ: отсутствует                                                                           │ │
│ ╰──────────────────────────────────────────────────────────────────────────────────────────────╯ │
│                                                                                                  │
│ Безопасно (вход не меняется):                                                                    │
│   Создать админа   Усилить SSH-крипто + ключ                                                     │
│                                                                                                  │
│ ⚠ Опасная зона (можно потерять доступ):                                                          │
│   Вход только по ключу · заблокировать пароль root                                               │
│                                                                                                  │
│                                                                                                  │
│                                                                                                  │
│                                                                                                  │
│                                                                                                  │
│                                                                                                  │
│                                                                                                  │
│                                                                                                  │
│                                                                                                  │
│                                                                                                  │
│                                                                                                  │
│                                                                                                  │
│                                                                                                  │
│                                                                                                  │
│                                                                                                  │
│                                                                                                  │
│                                                                                                  │
│                                                                                                  │
│                                                                                                  │
│                                                                                                  │
│                                                                                                  │
│  [Enter] применить     [Esc] отмена                                                              │
│ Вы потеряете доступ к root SSH, если ключ не сохранён. Покажем ключ перед применением. Enter — п │
╰──────────────────────────────────────────────────────────────────────────────────────────────────╯
╭──────────────────────────────────────────── монитор ─────────────────────────────────────────────╮
│ монитор: переподключение…                                                                        │
╰──────────────────────────────────────────────────────────────────────────────────────────────────╯
=== summary 100x40 ===
╭───────────────────────────────────── Morgward v0.0.0-golden ─────────────────────────────────────╮
│                                                                                          RU | EN │
│ применено 2/2 · пропущено 0 · ошибок 0 · перезагрузок 0 · проверка 0/0                           │
│ ОЗУ 1.9G  ·  задержка ДЦ, ms 1.2 → 1.1  ·  интернет, ms 12.0 → 11.0  ·  файрвол да               │
│                                                                                                  │
│ ФИКСЫ                                            SSH-ДОСТУП                                      │
│   ✓ [A1] Межсетевой экран                          root-вход: yes                                │
│   ✓ [A4] Сетевая оптимизация                       ssh только по ключу: нет                      │
│                                                    ключ добавлен: да                             │
│                                                                                                  │
│                                                  ПАКЕТЫ И ЯДРО                                   │
│                                                                                                  │
│                                                  ДИСК И ПАМЯТЬ                                   │
│                                                                                                  │
│                                                  СЕТЬ                                            │
│                                                    задержка ДЦ, ms  1.2 → 1.1                    │
│                                                    интернет, ms     12.0 → 11.0                  │
│                                                                                                  │
│                                                  БЕЗОПАСНОСТЬ                                    │
│                                                    root-вход            yes                      │
│                                                    ssh только по ключу  нет                      │
│                                                    файрвол              нет → да                 │
│                                                    fail2ban             нет                      │
│                                                                                                  │
│                                                                                                  │
│                                                                                                  │
│                                                                                                  │
│                                                                                                  │
│                                                                                                  │
│                                                                                                  │
│                                                                                                  │
│                                                                                                  │
│                                                                                                  │
│                                                                                                  │
│  [ На главную ]                                                                                  │
│ enter/esc — на главную · клик по фиксу — описание · ↑↓ — прокрутка · l — язык                    │
╰──────────────────────────────────────────────────────────────────────────────────────────────────╯
╭──────────────────────────────────────────── монитор ─────────────────────────────────────────────╮
│ монитор: переподключение…                                                                        │
╰──────────────────────────────────────────────────────────────────────────────────────────────────╯
=== matrix 100x40 ===
╭───────────────────────────────────── Morgward v0.0.0-golden ─────────────────────────────────────╮
│                                                                                          RU | EN │
│ 1 применено / 2 нет                                                                              │
│                                                                                                  │
│ Сеть/BBR                                                                                         │
│   BBR congestion control                                                                применён │
│ Память                                                                                           │
│   zram swap active                                                                   не применён │
│   earlyoom active                                                                    не применён │
│                                                                                                  │
│                                                                                                  │
│                                                                                                  │
│                                                                                                  │
│                                                                                                  │
│                                                                                                  │
│                                                                                                  │
│                                                                                                  │
│                                                                                                  │
│                                                                                                  │
│                                                                                                  │
│                                                                                                  │
│                                                                                                  │
│                                                                                                  │
│                                                                                                  │
│                                                                                                  │
│                                                                                                  │
│                                                                                                  │
│                                                                                                  │
│                                                                                                  │
│                                                                                                  │
│                                                                                                  │
│                                                                                                  │
│                                                                                                  │
│                                                                                                  │
│  ← Назад                                                                                         │
│ ↑/↓ прокрутка · esc назад                                                                        │
╰──────────────────────────────────────────────────────────────────────────────────────────────────╯
╭──────────────────────────────────────────── монитор ─────────────────────────────────────────────╮
│ монитор: переподключение…                                                                        │
╰──────────────────────────────────────────────────────────────────────────────────────────────────╯
=== wiki-applied 100x40 ===
╭───────────────────────────────────── Morgward v0.0.0-golden ─────────────────────────────────────╮
│                                                                                          RU | EN │
│ [a3.installed] name                                                                              │
│                                                                                                  │
│ ЧТО ПРОВЕРЯЕТ                                                                                    │
│ Проверяет через dpkg, что установлен пакет fail2ban — демон, который читает журналы и банит IP   │
│ после серии неудачных входов. Без него перебор пароля по SSH ничем не ограничен. Применение      │
│ твика ставит пакет, давая основу для защиты от брутфорса.                                        │
│                                                                                                  │
│ Статус: ✓ применено                                                                              │
│                                                                                                  │
│                                                                                                  │
│                                                                                                  │
│                                                                                                  │
│                                                                                                  │
│                                                                                                  │
│                                                                                                  │
│                                                                                                  │
│                                                                                                  │
│                                                                                                  │
│                                                                                                  │
│                                                                                                  │
│                                                                                                  │
│                                                                                                  │
│                                                                                                  │
│                                                                                                  │
│                                                                                                  │
│                                                                                                  │
│                                                                                                  │
│                                                                                                  │
│                                                                                                  │
│                                                                                                  │
│                                                                                                  │
│                                                                                                  │
│  Откатить   ← Назад                                                                              │
│ esc — назад · ↑↓ — прокрутка · l — язык                                                          │
╰──────────────────────────────────────────────────────────────────────────────────────────────────╯
╭──────────────────────────────────────────── монитор ─────────────────────────────────────────────╮
│ монитор: переподключение…                                                                        │
╰──────────────────────────────────────────────────────────────────────────────────────────────────╯
=== wiki-pending-upgrades 100x40 ===
╭───────────────────────────────────── Morgward v0.0.0-golden ─────────────────────────────────────╮
│                                                                                          RU | EN │
│ [a3.installed] name                                                                              │
│                                                                                                  │
│ ЧТО ПРОВЕРЯЕТ                                                                                    │
│ Проверяет через dpkg, что установлен пакет fail2ban — демон, который читает журналы и банит IP   │
│ после серии неудачных входов. Без него перебор пароля по SSH ничем не ограничен. Применение      │
│ твика ставит пакет, давая основу для защиты от брутфорса.                                        │
│                                                                                                  │
│ Статус: • можно                                                                                  │
│                                                                                                  │
│                                                                                                  │
│                                                                                                  │
│                                                                                                  │
│                                                                                                  │
│                                                                                                  │
│                                                                                                  │
│                                                                                                  │
│                                                                                                  │
│                                                                                                  │
│                                                                                                  │
│                                                                                                  │
│                                                                                                  │
│                                                                                                  │
│                                                                                                  │
│                                                                                                  │
│                                                                                                  │
│                                                                                                  │
│                                                                                                  │
│                                                                                                  │
│                                                                                                  │
│                                                                                                  │
│                                                                                                  │
│ Система не обновлена — рекомендуем обновить перед применением твиков                             │
│  Обновить и перезагрузить   Применить   ← Назад                                                  │
│ esc — назад · ↑↓ — прокрутка · l — язык                                                          │
╰──────────────────────────────────────────────────────────────────────────────────────────────────╯
╭──────────────────────────────────────────── монитор ─────────────────────────────────────────────╮
│ монитор: переподключение…                                                                        │
╰──────────────────────────────────────────────────────────────────────────────────────────────────╯
=== wiki-update-confirm 100x40 ===
╭───────────────────────────────────── Morgward v0.0.0-golden ─────────────────────────────────────╮
│                                                                                          RU | EN │
│ [a3.installed] name                                                                              │
│                                                                                                  │
│ ЧТО ПРОВЕРЯЕТ                                                                                    │
│ Проверяет через dpkg, что установлен пакет fail2ban — демон, который читает журналы и банит IP   │
│ после серии неудачных входов. Без него перебор пароля по SSH ничем не ограничен. Применение      │
│ твика ставит пакет, давая основу для защиты от брутфорса.                                        │
│                                                                                                  │
│ Статус: • можно                                                                                  │
│                                                                                                  │
│                                                                                                  │
│                                                                                                  │
│                                                                                                  │
│                                                                                                  │
│                                                                                                  │
│                                                                                                  │
│                                                                                                  │
│                                                                                                  │
│                                                                                                  │
│                                                                                                  │
│                                                                                                  │
│                                                                                                  │
│                                                                                                  │
│                                                                                                  │
│                                                                                                  │
│                                                                                                  │
│                                                                                                  │
│                                                                                                  │
│                                                                                                  │
│                                                                                                  │
│                                                                                                  │
│                                                                                                  │
│ Система не обновлена — рекомендуем обновить перед применением твиков                             │
│  [Enter] применить     [Esc] отмена                                                              │
│ Полное обновление и перезагрузка (A8) — несколько минут. Enter — обновить и перезагрузить, Esc — │
╰──────────────────────────────────────────────────────────────────────────────────────────────────╯
╭──────────────────────────────────────────── монитор ─────────────────────────────────────────────╮
│ монитор: переподключение…                                                                        │
╰──────────────────────────────────────────────────────────────────────────────────────────────────╯
=== key 100x40 ===
╭────────────────────────────────────── Доступ по SSH-ключу ───────────────────────────────────────╮
│                                                                                          RU | EN │
│ Вход по логину и паролю (root и от хостинга) СОХРАНЁН — доступ ты не потеряешь. Этот ключ —      │
│ дополнительный способ входа, можешь сохранить его (необязательно).                               │
│                                                                                                  │
│ AAAAB3NzaC1lZDI1NTE5AAAA                                                                         │
│ AAAAB3NzaC1lZDI1NTE5AAAA                                                                         │
│ AAAAB3NzaC1lZDI1NTE5AAAA                                                                         │
│ AAAAB3NzaC1lZDI1NTE5AAAA                                                                         │
│ AAAAB3NzaC1lZDI1NTE5AAAA                                                                         │
│ AAAAB3NzaC1lZDI1NTE5AAAA                                                                         │
│                                                                                                  │
│ Подключение: ssh -i <key-file> vpsadmin@1.2.3.4                                                  │
│                                                                                                  │
│  [ Скопировать ключ ]                                                                            │
│                                                                                                  │
│                                                                                                  │
│  ← Назад                                                                                         │
│                                                                                                  │
│                                                                                                  │
│                                                                                                  │
│                                                                                                  │
│                                                                                                  │
│                                                                                                  │
│                                                                                                  │
│                                                                                                  │
│                                                                                                  │
│                                                                                                  │
│                                                                                                  │
│                                                                                                  │
│                                                                                                  │
│                                                                                                  │
│                                                                                                  │
│                                                                                                  │
│                                                                                                  │
│ esc — назад · c — копировать · l — язык                                                          │
╰──────────────────────────────────────────────────────────────────────────────────────────────────╯
╭──────────────────────────────────────────── монитор ─────────────────────────────────────────────╮
│ монитор: переподключение…                                                                        │
╰──────────────────────────────────────────────────────────────────────────────────────────────────╯
=== files 100x40 ===
╭──────────────────────────────────────── Morgward · Файлы ────────────────────────────────────────╮
│   Главная    Терминал   ▸Файлы                                                           RU | EN │
│ ◂ /etc/nginx                                                                                     │
│ Имя                                                           Размер Права      Изменён          │
│ ../                                                               0B rwxr-xr-x  2026-06-09 09:20 │
│ nginx.conf                                                      2.0K rw-r--r--  2026-06-09 09:21 │
│ sites-enabled/                                                    0B rwxr-xr-x  2026-06-09 09:22 │
│                                                                                                  │
│                                                                                                  │
│                                                                                                  │
│                                                                                                  │
│                                                                                                  │
│                                                                                                  │
│                                                                                                  │
│                                                                                                  │
│                                                                                                  │
│                                                                                                  │
│                                                                                                  │
│                                                                                                  │
│                                                                                                  │
│                                                                                                  │
│                                                                                                  │
│                                                                                                  │
│                                                                                                  │
│                                                                                                  │
│                                                                                                  │
│                                                                                                  │
│                                                                                                  │
│                                                                                                  │
│                                                                                                  │
│                                                                                                  │
│                                                                                                  │
│                                                                                                  │
│                                                                                                  │
│   Создать ▾   Открыть   Скачать   Загрузить   Переименовать   Удалить                            │
│ n папка · N файл · r имя · d удал · c копир · x вырез · v встав · g права · o влад · p инфо · y  │
╰──────────────────────────────────────────────────────────────────────────────────────────────────╯
╭──────────────────────────────────────────── монитор ─────────────────────────────────────────────╮
│ монитор: переподключение…                                                                        │
╰──────────────────────────────────────────────────────────────────────────────────────────────────╯
=== terminal 100x40 ===
╭────────────────────────────────────── Morgward · Терминал ───────────────────────────────────────╮
│   Главная   ▸Терминал    Файлы                                                           RU | EN │
│ uname -sr                                                                                        │
│ Linux 6.14.0-33-generic                                                                          │
│ $                                                                                                │
│                                                                                                  │
│                                                                                                  │
│                                                                                                  │
│                                                                                                  │
│                                                                                                  │
│                                                                                                  │
│                                                                                                  │
│                                                                                                  │
│                                                                                                  │
│                                                                                                  │
│                                                                                                  │
│                                                                                                  │
│                                                                                                  │
│                                                                                                  │
│                                                                                                  │
│                                                                                                  │
│                                                                                                  │
│                                                                                                  │
│                                                                                                  │
│                                                                                                  │
│                                                                                                  │
│                                                                                                  │
│                                                                                                  │
│                                                                                                  │
│                                                                                                  │
│                                                                                                  │
│                                                                                                  │
│                                                                                                  │
│                                                                                                  │
│                                                                                                  │
│ SSH-терминал · колесо / shift+pgup — прокрутка · ctrl+1/2/3 вкладки · ctrl+q — выход · l — язык  │
╰──────────────────────────────────────────────────────────────────────────────────────────────────╯
╭──────────────────────────────────────────── монитор ─────────────────────────────────────────────╮
│ монитор: переподключение…                                                                        │
╰──────────────────────────────────────────────────────────────────────────────────────────────────╯
=== dashboard 60x20 ===
╭───────────────── Morgward v0.0.0-golden ─────────────────╮
│  ▸Главная    Терминал    Файлы                   RU | EN │
│ ╭────────────────── Сервер: 1.2.3.4 ───────────────────╮ │
│ │ ОС ubuntu 24.04                                      │ │
│ │ IPv6 да                                              │ │
│ ╰──────────────────────────────────────────────────────╯ │
│   Применить все твики   Безопасность ▸                   │
│                                                          │
│ Анализ твиков  применено 1 из 3 · можно применить 2      │
│   ✓ BBR congestion control     • zram swap active        │
│   • earlyoom active                                      │
│                                                          │
│                                                          │
│                                                          │
│                                                          │
│ ↑/↓ прокрутка · enter описание твика · esc назад         │
╰──────────────────────────────────────────────────────────╯
╭──────────────────────── монитор ─────────────────────────╮
│ монитор: переподключение…                                │
╰──────────────────────────────────────────────────────────╯
=== dashboard-apply-confirm 60x20 ===
                                                            
                                                            
                                                            
  ╭──────────────────────────────────────────────────────╮  
  │                                                      │  
  │   Применить твики?                                   │  
  │                                                      │  
  │   Будут применены все доступные твики (сеть, ядро,   │  
  │   память, обслуживание).                             │  
  │                                                      │  
  │   ⚠ Включает полное обновление и ПЕРЕЗАГРУЗКУ        │  
  │   (A8): VPN и сервисы прервутся примерно на 1–2      │  
  │   минуты.                                            │  
  │                                                      │  
  │    [Enter] применить     [Esc] отмена                │  
  │                                                      │  
  ╰──────────────────────────────────────────────────────╯  
                                                            
                                                            
                                                            
=== security 60x20 ===
╭───────────────── Morgward v0.0.0-golden ─────────────────╮
│                                                  RU | EN │
│ ╭─────────────── Безопасность и доступ ────────────────╮ │
│ │ Вход root: разрешён по паролю                        │ │
│ │ Только по ключу: нет                                 │ │
│ │ Админ: отсутствует                                   │ │
│ ╰──────────────────────────────────────────────────────╯ │
│                                                          │
│ Безопасно (вход не меняется):                            │
│   Создать админа   Усилить SSH-крипто + ключ             │
│                                                          │
│ ⚠ Опасная зона (можно потерять доступ):                  │
│   Вход только по ключу · заблокировать пароль root       │
│                                                          │
│  ← Назад                                                 │
│ 1/2 — безопасные действия · 3 — опасное · esc назад · l  │
╰──────────────────────────────────────────────────────────╯
╭──────────────────────── монитор ─────────────────────────╮
│ монитор: переподключение…                                │
╰──────────────────────────────────────────────────────────╯
=== security-danger-confirm 60x20 ===
╭───────────────── Morgward v0.0.0-golden ─────────────────╮
│                                                  RU | EN │
│ ╭─────────────── Безопасность и доступ ────────────────╮ │
│ │ Вход root: разрешён по паролю                        │ │
│ │ Только по ключу: нет                                 │ │
│ │ Админ: отсутствует                                   │ │
│ ╰──────────────────────────────────────────────────────╯ │
│                                                          │
│ Безопасно (вход не меняется):                            │
│   Создать админа   Усилить SSH-крипто + ключ             │
│                                                          │
│ ⚠ Опасная зона (можно потерять доступ):                  │
│   Вход только по ключу · заблокировать пароль root       │
│                                                          │
│  [Enter] применить     [Esc] отмена                      │
│ Вы потеряете доступ к root SSH, если ключ не сохранён. П │
╰──────────────────────────────────────────────────────────╯
╭──────────────────────── монитор ─────────────────────────╮
│ монитор: переподключение…                                │
╰──────────────────────────────────────────────────────────╯
=== summary 60x20 ===
╭───────────────── Morgward v0.0.0-golden ─────────────────╮
│                                                  RU | EN │
│ применено 2/2 · пропущено 0 · ошибок 0 · перезагрузок 0  █
│ ОЗУ 1.9G  ·  задержка ДЦ, ms 1.2 → 1.1  ·  интернет, ms  █
│                                                          █
│ ФИКСЫ                        SSH-ДОСТУП                  █
│   ✓ [A1] Межсетевой экран      root-вход: yes            █
│   ✓ [A4] Сетевая оптимизац     ssh только по ключу: нет  █
│                                ключ добавлен: да         │
│                                                          │
│                              ПАКЕТЫ И ЯДРО               │
│                                                          │
│                              ДИСК И ПАМЯТЬ               │
│                                                          │
│  [ На главную ]                                          │
│ enter/esc — на главную · клик по фиксу — описание · ↑↓ — │
╰──────────────────────────────────────────────────────────╯
╭──────────────────────── монитор ─────────────────────────╮
│ монитор: переподключение…                                │
╰──────────────────────────────────────────────────────────╯
=== matrix 60x20 ===
╭───────────────── Morgward v0.0.0-golden ─────────────────╮
│                                                  RU | EN │
│ 1 применено / 2 нет                                      │
│                                                          │
│ Сеть/BBR                                                 │
│   BBR congestion control                        применён │
│ Память                                                   │
│   zram swap active                           не применён │
│   earlyoom active                            не применён │
│                                                          │
│                                                          │
│                                                          │
│                                                          │
│                                                          │
│  ← Назад                                                 │
│ ↑/↓ прокрутка · esc назад                                │
╰──────────────────────────────────────────────────────────╯
╭──────────────────────── монитор ─────────────────────────╮
│ монитор: переподключение…                                │
╰──────────────────────────────────────────────────────────╯
=== wiki-applied 60x20 ===
╭───────────────── Morgward v0.0.0-golden ─────────────────╮
│                                                  RU | EN │
│ [a3.installed] name                                      │
│                                                          │
│ ЧТО ПРОВЕРЯЕТ                                            │
│ Проверяет через dpkg, что установлен пакет fail2ban —    │
│ демон, который читает журналы и банит IP после серии     │
│ неудачных входов. Без него перебор пароля по SSH ничем   │
│ не ограничен. Применение твика ставит пакет, давая       │
│ основу для защиты от брутфорса.                          │
│                                                          │
│ Статус: ✓ применено                                      │
│                                                          │
│                                                          │
│  Откатить   ← Назад                                      │
│ esc — назад · ↑↓ — прокрутка · l — язык                  │
╰──────────────────────────────────────────────────────────╯
╭──────────────────────── монитор ─────────────────────────╮
│ монитор: переподключение…                                │
╰──────────────────────────────────────────────────────────╯
=== wiki-pending-upgrades 60x20 ===
╭───────────────── Morgward v0.0.0-golden ─────────────────╮
│                                                  RU | EN │
│ [a3.installed] name                                      │
│                                                          │
│ ЧТО ПРОВЕРЯЕТ                                            │
│ Проверяет через dpkg, что установлен пакет fail2ban —    │
│ демон, который читает журналы и банит IP после серии     │
│ неудачных входов. Без него перебор пароля по SSH ничем   │
│ не ограничен. Применение твика ставит пакет, давая       │
│ основу для защиты от брутфорса.                          │
│                                                          │
│ Статус: • можно                                          │
│                                                          │
│ Система не обновлена — рекомендуем обновить перед примен │
│  Обновить и перезагрузить   Применить   ← Назад          │
│ esc — назад · ↑↓ — прокрутка · l — язык                  │
╰──────────────────────────────────────────────────────────╯
╭──────────────────────── монитор ─────────────────────────╮
│ монитор: переподключение…                                │
╰──────────────────────────────────────────────────────────╯
=== wiki-update-confirm 60x20 ===
╭───────────────── Morgward v0.0.0-golden ─────────────────╮
│                                                  RU | EN │
│ [a3.installed] name                                      │
│                                                          │
│ ЧТО ПРОВЕРЯЕТ                                            │
│ Проверяет через dpkg, что установлен пакет fail2ban —    │
│ демон, который читает журналы и банит IP после серии     │
│ неудачных входов. Без него перебор пароля по SSH ничем   │
│ не ограничен. Применение твика ставит пакет, давая       │
│ основу для защиты от брутфорса.                          │
│                                                          │
│ Статус: • можно                                          │
│                                                          │
│ Система не обновлена — рекомендуем обновить перед примен │
│  [Enter] применить     [Esc] отмена                      │
│ Полное обновление и перезагрузка (A8) — несколько минут. │
╰──────────────────────────────────────────────────────────╯
╭──────────────────────── монитор ─────────────────────────╮
│ монитор: переподключение…                                │
╰──────────────────────────────────────────────────────────╯
=== key 60x20 ===
╭────────────────── Доступ по SSH-ключу ───────────────────╮
│                                                  RU | EN │
│ Вход по логину и паролю (root и от хостинга) СОХРАНЁН —  █
│ доступ ты не потеряешь. Этот ключ — дополнительный       █
│ способ входа, можешь сохранить его (необязательно).      █
│                                                          █
│ AAAAB3NzaC1lZDI1NTE5AAAA                                 █
│ AAAAB3NzaC1lZDI1NTE5AAAA                                 █
│ AAAAB3NzaC1lZDI1NTE5AAAA                                 █
│ AAAAB3NzaC1lZDI1NTE5AAAA                                 █
│ AAAAB3NzaC1lZDI1NTE5AAAA                                 █
│ AAAAB3NzaC1lZDI1NTE5AAAA                                 │
│                                                          │
│ Подключение: ssh -i <key-file> vpsadmin@1.2.3.4          │
│                                                          │
│ esc — назад · c — копировать · l — язык                  │
╰──────────────────────────────────────────────────────────╯
╭──────────────────────── монитор ─────────────────────────╮
│ монитор: переподключение…                                │
╰──────────────────────────────────────────────────────────╯
=== files 60x20 ===
╭──────────────────── Morgward · Файлы ────────────────────╮
│   Главная    Терминал   ▸Файлы                   RU | EN │
│ ◂ /etc/nginx                                             │
│ Имя                   Размер Права      Изменён          │
│ ../                       0B rwxr-xr-x  2026-06-09 09:20 │
│ nginx.conf              2.0K rw-r--r--  2026-06-09 09:21 │
│ sites-enabled/            0B rwxr-xr-x  2026-06-09 09:22 │
│                                                          │
│                                                          │
│                                                          │
│                                                          │
│                                                          │
│                                                          │
│                                                          │
│   Создать ▾   Открыть   Скачать   Загрузить   Переименов │
│ n папка · N файл · r имя · d удал · c копир · x вырез ·  │
╰──────────────────────────────────────────────────────────╯
╭──────────────────────── монитор ─────────────────────────╮
│ монитор: переподключение…                                │
╰──────────────────────────────────────────────────────────╯
=== terminal 60x20 ===
╭────────────────── Morgward · Терминал ───────────────────╮
│   Главная   ▸Терминал    Файлы                   RU | EN │
│ uname -sr                                                │
│ Linux 6.14.0-33-generic                                  │
│ $                                                        │
│                                                          │
│                                                          │
│                                                          │
│                                                          │
│                                                          │
│                                                          │
│                                                          │
│                                                          │
│                                                          │
│                                                          │
│ SSH-терминал · колесо / shift+pgup — прокрутка · ctrl+1/ │
╰──────────────────────────────────────────────────────────╯
╭──────────────────────── монитор ─────────────────────────╮
│ монитор: переподключение…                                │
╰──────────────────────────────────────────────────────────╯
